c:\users\jdaya\source\repos\guessthenumber\guessthenumber\x64\debug\vc145.pdb
c:\users\jdaya\source\repos\guessthenumber\guessthenumber\x64\debug\vc145.idb
c:\users\jdaya\source\repos\guessthenumber\guessthenumber\x64\debug\guessthenumber.obj
c:\users\jdaya\source\repos\guessthenumber\x64\debug\guessthenumber.pdb
c:\users\jdaya\source\repos\guessthenumber\guessthenumber\x64\debug\guessthenumber.tlog\cl.command.1.tlog
c:\users\jdaya\source\repos\guessthenumber\guessthenumber\x64\debug\guessthenumber.tlog\cl.read.1.tlog
c:\users\jdaya\source\repos\guessthenumber\guessthenumber\x64\debug\guessthenumber.tlog\cl.write.1.tlog
c:\users\jdaya\source\repos\guessthenumber\guessthenumber\x64\debug\guessthenumber.tlog\link-cvtres.read.1.tlog
c:\users\jdaya\source\repos\guessthenumber\guessthenumber\x64\debug\guessthenumber.tlog\link-cvtres.write.1.tlog
c:\users\jdaya\source\repos\guessthenumber\guessthenumber\x64\debug\guessthenumber.tlog\link-mt.read.1.tlog
c:\users\jdaya\source\repos\guessthenumber\guessthenumber\x64\debug\guessthenumber.tlog\link-mt.write.1.tlog
c:\users\jdaya\source\repos\guessthenumber\guessthenumber\x64\debug\guessthenumber.tlog\link-rc.read.1.tlog
c:\users\jdaya\source\repos\guessthenumber\guessthenumber\x64\debug\guessthenumber.tlog\link-rc.write.1.tlog
c:\users\jdaya\source\repos\guessthenumber\guessthenumber\x64\debug\guessthenumber.tlog\link.command.1.tlog
c:\users\jdaya\source\repos\guessthenumber\guessthenumber\x64\debug\guessthenumber.tlog\link.read.1.tlog
c:\users\jdaya\source\repos\guessthenumber\guessthenumber\x64\debug\guessthenumber.tlog\link.read.2.tlog
c:\users\jdaya\source\repos\guessthenumber\guessthenumber\x64\debug\guessthenumber.tlog\link.read.3.tlog
c:\users\jdaya\source\repos\guessthenumber\guessthenumber\x64\debug\guessthenumber.tlog\link.read.4.tlog
c:\users\jdaya\source\repos\guessthenumber\guessthenumber\x64\debug\guessthenumber.tlog\link.read.5.tlog
c:\users\jdaya\source\repos\guessthenumber\guessthenumber\x64\debug\guessthenumber.tlog\link.read.6.tlog
c:\users\jdaya\source\repos\guessthenumber\guessthenumber\x64\debug\guessthenumber.tlog\link.write.1.tlog
